Error in try(ramazon(Public_DNS = Public_DNS, key_pair_name = key_pair_name)) : 
  could not find function "ramazon"
The `format` argument to sliderInput is deprecated. Use `sep`, `pre`, and `post` instead. (Last used in version 0.10.2.2)
WELL DONE!
YOU CAN FIND YOUR SHINY APP AT THE FOLLOWING URL:
ec2-54-173-166-113.compute-1.amazona[1] "print"
[1] "fef"
[1] 8
[1] 2
[1] 5
:3838/datastories
Error: could not find function "ramazon"
Error: could not find function "ramazon"
The `format` argument to sliderInput is deprecated. Use `sep`, `pre`, and `post` instead. (Last used in version 0.10.2.2)
WELL DONE!
YOU CAN FIND YOUR SHINY APP AT THE FOLLOWING URL:
ec2-54-173-166-113.compute-1.amazonaws.com:3838/datastories:3838/datastories:3838/datastories
Error: object 'haha' not found
[1] "haha"
[1] 101
Error: object 'fe' not found
Error: object 'g' not found
Error: object 'e' not found
Error: object 'ge' not found
Error: object 'w' not found
Error: object 'gw' not found
Error: object 'ew' not found
[1] 2
[1] 2
